seed  stage_s  houses margins popped | outcome: n / s ...
   1    1.09     15       1    126 | dropped=61 settle=0/0.10 seated=15/0.32 house-box=0/0.00 reach/water=0/0.00 envelope=27/0.01 corridor=0/0.00 parts=23/0.07
   2    0.95     15       1     87 | dropped=24 settle=0/0.08 seated=15/0.29 house-box=0/0.00 reach/water=0/0.00 envelope=20/0.01 corridor=0/0.00 parts=28/0.23
   3    1.25     15       1    246 | dropped=116 settle=0/0.18 seated=15/0.31 house-box=1/0.00 reach/water=0/0.00 envelope=62/0.04 corridor=0/0.00 parts=52/0.24
   4    1.01     15       1     85 | dropped=16 settle=0/0.08 seated=15/0.28 house-box=1/0.00 reach/water=0/0.00 envelope=28/0.03 corridor=0/0.00 parts=25/0.14
   5    1.58     15       1    238 | dropped=127 settle=0/0.25 seated=15/0.41 house-box=0/0.00 reach/water=0/0.00 envelope=48/0.03 corridor=0/0.00 parts=48/0.38
   6    1.13     15       1    101 | dropped=40 settle=0/0.15 seated=15/0.38 house-box=0/0.00 reach/water=0/0.00 envelope=12/0.01 corridor=0/0.00 parts=34/0.18
   7    1.00     15       1     79 | dropped=33 settle=0/0.09 seated=15/0.40 house-box=0/0.00 reach/water=0/0.00 envelope=17/0.01 corridor=0/0.00 parts=14/0.07
   8    0.96     15       1     96 | dropped=34 settle=0/0.12 seated=15/0.33 house-box=1/0.00 reach/water=0/0.00 envelope=24/0.01 corridor=0/0.00 parts=22/0.13
   9    1.32     15       1    107 | dropped=46 settle=0/0.13 seated=15/0.29 house-box=1/0.00 reach/water=0/0.00 envelope=10/0.00 corridor=0/0.00 parts=35/0.31
  10    1.32     15       1    202 | dropped=98 settle=0/0.15 seated=15/0.36 house-box=0/0.00 reach/water=0/0.00 envelope=53/0.03 corridor=0/0.00 parts=36/0.28
  11    1.28     15       1    166 | dropped=97 settle=0/0.15 seated=15/0.34 house-box=2/0.00 reach/water=0/0.00 envelope=23/0.02 corridor=0/0.00 parts=29/0.22
  12    1.13     15       1     90 | dropped=39 settle=0/0.10 seated=15/0.37 house-box=0/0.00 reach/water=0/0.00 envelope=12/0.01 corridor=0/0.00 parts=24/0.23
  13    3.03     15       1    284 | dropped=112 settle=0/0.35 seated=15/0.38 house-box=0/0.00 reach/water=0/0.00 envelope=70/0.04 corridor=0/0.00 parts=87/0.56
  14    1.19     15       1    259 | dropped=129 settle=0/0.21 seated=15/0.34 house-box=0/0.00 reach/water=0/0.00 envelope=69/0.04 corridor=0/0.00 parts=46/0.22
  15    1.07     15       1    109 | dropped=40 settle=0/0.10 seated=15/0.33 house-box=1/0.00 reach/water=0/0.00 envelope=23/0.02 corridor=0/0.00 parts=30/0.20
  16    0.90     15       1     94 | dropped=32 settle=0/0.09 seated=15/0.31 house-box=0/0.00 reach/water=0/0.00 envelope=18/0.01 corridor=0/0.00 parts=29/0.15

ALL: homesteads stage 20.2 s
  settle       n=     0     2.34 s  (11.6% of the stage)
  seated       n=   240     5.45 s  (27.0% of the stage)
  house-box    n=     7     0.00 s  ( 0.0% of the stage)
  reach/water  n=     0     0.00 s  ( 0.0% of the stage)
  envelope     n=   516     0.32 s  ( 1.6% of the stage)
  corridor     n=     0     0.00 s  ( 0.0% of the stage)
  parts        n=   562     3.60 s  (17.8% of the stage)
  settle time by what the seat came to: parts=1.14 envelope=0.78 seated=0.41 house-box=0.00 dropped~=0.00
  placer sub-tests (all calls, s): _parts_fit=7.24 access_corridor=5.82 _bundle_geom=2.35 tree_admits=1.78 seat_reaches_tree=1.19 _envelope_blocked=0.17 _house_box_refused=0.08 within_field_reach=0.01
