seed  stage_s  houses margins popped | outcome: n / s ...
   2    4.94     40       1    802 | dropped=469 settle=0/0.91 seated=40/1.88 house-box=0/0.00 reach/water=0/0.00 envelope=172/0.10 corridor=0/0.00 parts=121/0.85
   6    5.50     40       1    825 | dropped=496 settle=0/1.29 seated=40/2.09 house-box=1/0.00 reach/water=0/0.00 envelope=143/0.09 corridor=0/0.00 parts=145/0.94
   8   10.01     40       1   1525 | dropped=955 settle=0/2.06 seated=40/2.43 house-box=0/0.00 reach/water=0/0.00 envelope=357/0.25 corridor=0/0.00 parts=173/3.55
   9    7.19     40       1    915 | dropped=528 settle=0/1.13 seated=40/2.28 house-box=0/0.00 reach/water=0/0.00 envelope=192/0.11 corridor=0/0.00 parts=155/1.79
  10    9.28     40       1   2353 | dropped=1464 settle=0/2.17 seated=40/1.32 house-box=0/0.00 reach/water=0/0.00 envelope=440/0.20 corridor=0/0.00 parts=409/4.41
  12    4.54     40       1    965 | dropped=515 settle=0/0.94 seated=40/1.21 house-box=0/0.00 reach/water=0/0.00 envelope=198/0.09 corridor=0/0.00 parts=212/1.47
  13    4.03     40       1    758 | dropped=460 settle=0/0.75 seated=40/1.53 house-box=0/0.00 reach/water=0/0.00 envelope=140/0.07 corridor=0/0.00 parts=118/0.70
  39    3.70     40       1    703 | dropped=407 settle=0/0.79 seated=40/1.30 house-box=1/0.00 reach/water=0/0.00 envelope=150/0.07 corridor=0/0.00 parts=105/0.79
   1    5.11     40       1   1512 | dropped=857 settle=0/1.23 seated=40/1.19 house-box=0/0.00 reach/water=0/0.00 envelope=348/0.16 corridor=0/0.00 parts=267/1.53
   4    5.53     40       1    867 | dropped=444 settle=0/0.98 seated=40/1.54 house-box=0/0.00 reach/water=0/0.00 envelope=201/0.10 corridor=0/0.00 parts=182/1.31

ALL: homesteads stage 59.9 s
  settle       n=     0    12.25 s  (20.5% of the stage)
  seated       n=   400    16.78 s  (28.0% of the stage)
  house-box    n=     2     0.00 s  ( 0.0% of the stage)
  reach/water  n=     0     0.00 s  ( 0.0% of the stage)
  envelope     n=  2341     1.25 s  ( 2.1% of the stage)
  corridor     n=     0     0.00 s  ( 0.0% of the stage)
  parts        n=  1887    17.34 s  (29.0% of the stage)
  settle time by what the seat came to: envelope=6.66 parts=4.60 seated=0.99 house-box=0.00 dropped~=0.00
  placer sub-tests (all calls, s): _parts_fit=28.50 access_corridor=24.83 _bundle_geom=11.02 tree_admits=6.10 seat_reaches_tree=3.64 _envelope_blocked=0.86 _house_box_refused=0.36 within_field_reach=0.06
